Release 14.7 - xst P.20131013 (nt64)
Copyright (c) 1995-2013 Xilinx, Inc.  All rights reserved.
--> Parameter TMPDIR set to xst/projnav.tmp


Total REAL time to Xst completion: 0.00 secs
Total CPU time to Xst completion: 0.07 secs
 
--> Parameter xsthdpdir set to xst


Total REAL time to Xst completion: 0.00 secs
Total CPU time to Xst completion: 0.07 secs
 
--> Reading design: Universal_Shift_Register.prj

TABLE OF CONTENTS
  1) Synthesis Options Summary
  2) HDL Parsing
  3) HDL Elaboration
  4) HDL Synthesis
       4.1) HDL Synthesis Report
  5) Advanced HDL Synthesis
       5.1) Advanced HDL Synthesis Report
  6) Low Level Synthesis
  7) Partition Report
  8) Design Summary
       8.1) Primitive and Black Box Usage
       8.2) Device utilization summary
       8.3) Partition Resource Summary
       8.4) Timing Report
            8.4.1) Clock Information
            8.4.2) Asynchronous Control Signals Information
            8.4.3) Timing Summary
            8.4.4) Timing Details
            8.4.5) Cross Clock Domains Report


=========================================================================
*                      Synthesis Options Summary                        *
=========================================================================
---- Source Parameters
Input File Name                    : "Universal_Shift_Register.prj"
Ignore Synthesis Constraint File   : NO

---- Target Parameters
Output File Name                   : "Universal_Shift_Register"
Output Format                      : NGC
Target Device                      : xc6slx16-3-csg324

---- Source Options
Top Module Name                    : Universal_Shift_Register
Automatic FSM Extraction           : YES
FSM Encoding Algorithm             : Auto
Safe Implementation                : No
FSM Style                          : LUT
RAM Extraction                     : Yes
RAM Style                          : Auto
ROM Extraction                     : Yes
Shift Register Extraction          : YES
ROM Style                          : Auto
Resource Sharing                   : YES
Asynchronous To Synchronous        : NO
Shift Register Minimum Size        : 2
Use DSP Block                      : Auto
Automatic Register Balancing       : No

---- Target Options
LUT Combining                      : Auto
Reduce Control Sets                : Auto
Add IO Buffers                     : YES
Global Maximum Fanout              : 100000
Add Generic Clock Buffer(BUFG)     : 16
Register Duplication               : YES
Optimize Instantiated Primitives   : NO
Use Clock Enable                   : Auto
Use Synchronous Set                : Auto
Use Synchronous Reset              : Auto
Pack IO Registers into IOBs        : Auto
Equivalent register Removal        : YES

---- General Options
Optimization Goal                  : Speed
Optimization Effort                : 1
Power Reduction                    : NO
Keep Hierarchy                     : No
Netlist Hierarchy                  : As_Optimized
RTL Output                         : Yes
Global Optimization                : AllClockNets
Read Cores                         : YES
Write Timing Constraints           : NO
Cross Clock Analysis               : NO
Hierarchy Separator                : /
Bus Delimiter                      : <>
Case Specifier                     : Maintain
Slice Utilization Ratio            : 100
BRAM Utilization Ratio             : 100
DSP48 Utilization Ratio            : 100
Auto BRAM Packing                  : NO
Slice Utilization Ratio Delta      : 5

=========================================================================


=========================================================================
*                          HDL Parsing                                  *
=========================================================================
Analyzing Verilog file "C:\Users\Charles\OneDrive\2017Fall_CSULB\CPU_301\Lab1_Universal_Shift_Register\Mux4to1.v" into library work
Parsing module <Mux4to1>.
Analyzing Verilog file "C:\Users\Charles\OneDrive\2017Fall_CSULB\CPU_301\Lab1_Universal_Shift_Register\d_ff.v" into library work
Parsing module <d_ff>.
Analyzing Verilog file "C:\Users\Charles\OneDrive\2017Fall_CSULB\CPU_301\Lab1_Universal_Shift_Register\debounce.v" into library work
Parsing module <debounce>.
Analyzing Verilog file "C:\Users\Charles\OneDrive\2017Fall_CSULB\CPU_301\Lab1_Universal_Shift_Register\clock_divider.v" into library work
Parsing module <clk_div>.
Analyzing Verilog file "C:\Users\Charles\OneDrive\2017Fall_CSULB\CPU_301\Lab1_Universal_Shift_Register\switch_filter.v" into library work
Parsing module <switch_filter>.
Analyzing Verilog file "C:\Users\Charles\OneDrive\2017Fall_CSULB\CPU_301\Lab1_Universal_Shift_Register\shift_reg_4bit.v" into library work
Parsing module <shift_reg_4bit>.
Analyzing Verilog file "C:\Users\Charles\OneDrive\2017Fall_CSULB\CPU_301\Lab1_Universal_Shift_Register\Universal_Shift_Register.v" into library work
Parsing module <Universal_Shift_Register>.

=========================================================================
*                            HDL Elaboration                            *
=========================================================================

Elaborating module <Universal_Shift_Register>.

Elaborating module <switch_filter>.

Elaborating module <clk_div>.

Elaborating module <debounce>.

Elaborating module <shift_reg_4bit>.

Elaborating module <Mux4to1>.

Elaborating module <d_ff>.

=========================================================================
*                           HDL Synthesis                               *
=========================================================================

Synthesizing Unit <Universal_Shift_Register>.
    Related source file is "C:\Users\Charles\OneDrive\2017Fall_CSULB\CPU_301\Lab1_Universal_Shift_Register\Universal_Shift_Register.v".
    Summary:
	no macro.
Unit <Universal_Shift_Register> synthesized.

Synthesizing Unit <switch_filter>.
    Related source file is "C:\Users\Charles\OneDrive\2017Fall_CSULB\CPU_301\Lab1_Universal_Shift_Register\switch_filter.v".
    Summary:
	no macro.
Unit <switch_filter> synthesized.

Synthesizing Unit <clk_div>.
    Related source file is "C:\Users\Charles\OneDrive\2017Fall_CSULB\CPU_301\Lab1_Universal_Shift_Register\clock_divider.v".
        Board_clk = 100000000
    Found 32-bit register for signal <i>.
    Found 1-bit register for signal <clk_out>.
    Found 32-bit adder for signal <i[31]_GND_3_o_add_1_OUT> created at line 56.
    Found 32-bit comparator greater for signal <n0002> created at line 62
    Summary:
	inferred   1 Adder/Subtractor(s).
	inferred  33 D-type flip-flop(s).
	inferred   1 Comparator(s).
	inferred   1 Multiplexer(s).
Unit <clk_div> synthesized.

Synthesizing Unit <debounce>.
    Related source file is "C:\Users\Charles\OneDrive\2017Fall_CSULB\CPU_301\Lab1_Universal_Shift_Register\debounce.v".
    Found 10-bit register for signal <q>.
    Summary:
	inferred  10 D-type flip-flop(s).
Unit <debounce> synthesized.

Synthesizing Unit <shift_reg_4bit>.
    Related source file is "C:\Users\Charles\OneDrive\2017Fall_CSULB\CPU_301\Lab1_Universal_Shift_Register\shift_reg_4bit.v".
    Summary:
	no macro.
Unit <shift_reg_4bit> synthesized.

Synthesizing Unit <Mux4to1>.
    Related source file is "C:\Users\Charles\OneDrive\2017Fall_CSULB\CPU_301\Lab1_Universal_Shift_Register\Mux4to1.v".
    Found 1-bit 4-to-1 multiplexer for signal <Q> created at line 34.
    Summary:
	inferred   1 Multiplexer(s).
Unit <Mux4to1> synthesized.

Synthesizing Unit <d_ff>.
    Related source file is "C:\Users\Charles\OneDrive\2017Fall_CSULB\CPU_301\Lab1_Universal_Shift_Register\d_ff.v".
    Found 1-bit register for signal <q>.
    Summary:
	inferred   1 D-type flip-flop(s).
Unit <d_ff> synthesized.

=========================================================================
HDL Synthesis Report

Macro Statistics
# Adders/Subtractors                                   : 1
 32-bit adder                                          : 1
# Registers                                            : 7
 1-bit register                                        : 5
 10-bit register                                       : 1
 32-bit register                                       : 1
# Comparators                                          : 1
 32-bit comparator greater                             : 1
# Multiplexers                                         : 5
 1-bit 4-to-1 multiplexer                              : 4
 32-bit 2-to-1 multiplexer                             : 1

=========================================================================

=========================================================================
*                       Advanced HDL Synthesis                          *
=========================================================================


=========================================================================
Advanced HDL Synthesis Report

Macro Statistics
# Adders/Subtractors                                   : 1
 32-bit adder                                          : 1
# Registers                                            : 47
 Flip-Flops                                            : 47
# Comparators                                          : 1
 32-bit comparator greater                             : 1
# Multiplexers                                         : 5
 1-bit 4-to-1 multiplexer                              : 4
 32-bit 2-to-1 multiplexer                             : 1

=========================================================================

=========================================================================
*                         Low Level Synthesis                           *
=========================================================================

Optimizing unit <Universal_Shift_Register> ...

Optimizing unit <shift_reg_4bit> ...

Optimizing unit <clk_div> ...

Optimizing unit <debounce> ...

Mapping all equations...
Building and optimizing final netlist ...
Found area constraint ratio of 100 (+ 5) on block Universal_Shift_Register, actual ratio is 1.

Final Macro Processing ...

=========================================================================
Final Register Report

Macro Statistics
# Registers                                            : 47
 Flip-Flops                                            : 47

=========================================================================

=========================================================================
*                           Partition Report                            *
=========================================================================

Partition Implementation Status
-------------------------------

  No Partitions were found in this design.

-------------------------------

=========================================================================
*                            Design Summary                             *
=========================================================================

Top Level Output File Name         : Universal_Shift_Register.ngc

Primitive and Black Box Usage:
------------------------------
# BELS                             : 154
#      GND                         : 1
#      INV                         : 1
#      LUT1                        : 31
#      LUT2                        : 34
#      LUT3                        : 1
#      LUT4                        : 2
#      LUT5                        : 8
#      LUT6                        : 5
#      MUXCY                       : 38
#      VCC                         : 1
#      XORCY                       : 32
# FlipFlops/Latches                : 47
#      FDC                         : 47
# Clock Buffers                    : 1
#      BUFGP                       : 1
# IO Buffers                       : 13
#      IBUF                        : 9
#      OBUF                        : 4

Device utilization summary:
---------------------------

Selected Device : 6slx16csg324-3 


Slice Logic Utilization: 
 Number of Slice Registers:              47  out of  18224     0%  
 Number of Slice LUTs:                   82  out of   9112     0%  
    Number used as Logic:                82  out of   9112     0%  

Slice Logic Distribution: 
 Number of LUT Flip Flop pairs used:     91
   Number with an unused Flip Flop:      44  out of     91    48%  
   Number with an unused LUT:             9  out of     91     9%  
   Number of fully used LUT-FF pairs:    38  out of     91    41%  
   Number of unique control sets:         3

IO Utilization: 
 Number of IOs:                          14
 Number of bonded IOBs:                  14  out of    232     6%  

Specific Feature Utilization:
 Number of BUFG/BUFGCTRLs:                1  out of     16     6%  

---------------------------
Partition Resource Summary:
---------------------------

  No Partitions were found in this design.

---------------------------


=========================================================================
Timing Report

NOTE: THESE TIMING NUMBERS ARE ONLY A SYNTHESIS ESTIMATE.
      FOR ACCURATE TIMING INFORMATION PLEASE REFER TO THE TRACE REPORT
      GENERATED AFTER PLACE-and-ROUTE.

Clock Information:
------------------
-----------------------------------+------------------------+-------+
Clock Signal                       | Clock buffer(FF name)  | Load  |
-----------------------------------+------------------------+-------+
clk_wire(u0/sf1/Dout<0>:O)         | NONE(*)(u1/d0/q)       | 4     |
clk                                | BUFGP                  | 33    |
u0/sf0/clk_out                     | NONE(u0/sf1/q_9)       | 10    |
-----------------------------------+------------------------+-------+
(*) This 1 clock signal(s) are generated by combinatorial logic,
and XST is not able to identify which are the primary clock signals.
Please use the CLOCK_SIGNAL constraint to specify the clock signal(s) generated by combinatorial logic.
INFO:Xst:2169 - HDL ADVISOR - Some clock signals were not automatically buffered by XST with BUFG/BUFR resources. Please use the buffer_type constraint in order to insert these buffers to the clock signals to help prevent skew problems.

Asynchronous Control Signals Information:
----------------------------------------
No asynchronous control signals found in this design

Timing Summary:
---------------
Speed Grade: -3

   Minimum period: 5.091ns (Maximum Frequency: 196.406MHz)
   Minimum input arrival time before clock: 3.156ns
   Maximum output required time after clock: 3.701ns
   Maximum combinational path delay: No path found

Timing Details:
---------------
All values displayed in nanoseconds (ns)

=========================================================================
Timing constraint: Default period analysis for Clock 'clk_wire'
  Clock period: 1.683ns (frequency: 594.336MHz)
  Total number of paths / destination ports: 11 / 4
-------------------------------------------------------------------------
Delay:               1.683ns (Levels of Logic = 1)
  Source:            u1/d3/q (FF)
  Destination:       u1/d0/q (FF)
  Source Clock:      clk_wire rising
  Destination Clock: clk_wire rising

  Data Path: u1/d3/q to u1/d0/q
                                Gate     Net
    Cell:in->out      fanout   Delay   Delay  Logical Name (Net Name)
    ----------------------------------------  ------------
     FDC:C->Q              4   0.447   0.931  u1/d3/q (u1/d3/q)
     LUT6:I2->O            1   0.203   0.000  u1/mux0/Mmux_Q11 (u1/w<0>)
     FDC:D                     0.102          u1/d0/q
    ----------------------------------------
    Total                      1.683ns (0.752ns logic, 0.931ns route)
                                       (44.7% logic, 55.3% route)

=========================================================================
Timing constraint: Default period analysis for Clock 'clk'
  Clock period: 5.091ns (frequency: 196.406MHz)
  Total number of paths / destination ports: 32737 / 33
-------------------------------------------------------------------------
Delay:               5.091ns (Levels of Logic = 35)
  Source:            u0/sf0/i_0 (FF)
  Destination:       u0/sf0/i_31 (FF)
  Source Clock:      clk rising
  Destination Clock: clk rising

  Data Path: u0/sf0/i_0 to u0/sf0/i_31
                                Gate     Net
    Cell:in->out      fanout   Delay   Delay  Logical Name (Net Name)
    ----------------------------------------  ------------
     FDC:C->Q              1   0.447   0.579  u0/sf0/i_0 (u0/sf0/i_0)
     INV:I->O              1   0.206   0.000  u0/sf0/Madd_i[31]_GND_3_o_add_1_OUT_lut<0>_INV_0 (u0/sf0/Madd_i[31]_GND_3_o_add_1_OUT_lut<0>)
     MUXCY:S->O            1   0.172   0.000  u0/sf0/Madd_i[31]_GND_3_o_add_1_OUT_cy<0> (u0/sf0/Madd_i[31]_GND_3_o_add_1_OUT_cy<0>)
     MUXCY:CI->O           1   0.019   0.000  u0/sf0/Madd_i[31]_GND_3_o_add_1_OUT_cy<1> (u0/sf0/Madd_i[31]_GND_3_o_add_1_OUT_cy<1>)
     MUXCY:CI->O           1   0.019   0.000  u0/sf0/Madd_i[31]_GND_3_o_add_1_OUT_cy<2> (u0/sf0/Madd_i[31]_GND_3_o_add_1_OUT_cy<2>)
     MUXCY:CI->O           1   0.019   0.000  u0/sf0/Madd_i[31]_GND_3_o_add_1_OUT_cy<3> (u0/sf0/Madd_i[31]_GND_3_o_add_1_OUT_cy<3>)
     MUXCY:CI->O           1   0.019   0.000  u0/sf0/Madd_i[31]_GND_3_o_add_1_OUT_cy<4> (u0/sf0/Madd_i[31]_GND_3_o_add_1_OUT_cy<4>)
     MUXCY:CI->O           1   0.019   0.000  u0/sf0/Madd_i[31]_GND_3_o_add_1_OUT_cy<5> (u0/sf0/Madd_i[31]_GND_3_o_add_1_OUT_cy<5>)
     MUXCY:CI->O           1   0.019   0.000  u0/sf0/Madd_i[31]_GND_3_o_add_1_OUT_cy<6> (u0/sf0/Madd_i[31]_GND_3_o_add_1_OUT_cy<6>)
     MUXCY:CI->O           1   0.019   0.000  u0/sf0/Madd_i[31]_GND_3_o_add_1_OUT_cy<7> (u0/sf0/Madd_i[31]_GND_3_o_add_1_OUT_cy<7>)
     MUXCY:CI->O           1   0.019   0.000  u0/sf0/Madd_i[31]_GND_3_o_add_1_OUT_cy<8> (u0/sf0/Madd_i[31]_GND_3_o_add_1_OUT_cy<8>)
     MUXCY:CI->O           1   0.019   0.000  u0/sf0/Madd_i[31]_GND_3_o_add_1_OUT_cy<9> (u0/sf0/Madd_i[31]_GND_3_o_add_1_OUT_cy<9>)
     MUXCY:CI->O           1   0.019   0.000  u0/sf0/Madd_i[31]_GND_3_o_add_1_OUT_cy<10> (u0/sf0/Madd_i[31]_GND_3_o_add_1_OUT_cy<10>)
     MUXCY:CI->O           1   0.019   0.000  u0/sf0/Madd_i[31]_GND_3_o_add_1_OUT_cy<11> (u0/sf0/Madd_i[31]_GND_3_o_add_1_OUT_cy<11>)
     MUXCY:CI->O           1   0.019   0.000  u0/sf0/Madd_i[31]_GND_3_o_add_1_OUT_cy<12> (u0/sf0/Madd_i[31]_GND_3_o_add_1_OUT_cy<12>)
     MUXCY:CI->O           1   0.019   0.000  u0/sf0/Madd_i[31]_GND_3_o_add_1_OUT_cy<13> (u0/sf0/Madd_i[31]_GND_3_o_add_1_OUT_cy<13>)
     MUXCY:CI->O           1   0.019   0.000  u0/sf0/Madd_i[31]_GND_3_o_add_1_OUT_cy<14> (u0/sf0/Madd_i[31]_GND_3_o_add_1_OUT_cy<14>)
     MUXCY:CI->O           1   0.019   0.000  u0/sf0/Madd_i[31]_GND_3_o_add_1_OUT_cy<15> (u0/sf0/Madd_i[31]_GND_3_o_add_1_OUT_cy<15>)
     MUXCY:CI->O           1   0.019   0.000  u0/sf0/Madd_i[31]_GND_3_o_add_1_OUT_cy<16> (u0/sf0/Madd_i[31]_GND_3_o_add_1_OUT_cy<16>)
     MUXCY:CI->O           1   0.019   0.000  u0/sf0/Madd_i[31]_GND_3_o_add_1_OUT_cy<17> (u0/sf0/Madd_i[31]_GND_3_o_add_1_OUT_cy<17>)
     MUXCY:CI->O           1   0.019   0.000  u0/sf0/Madd_i[31]_GND_3_o_add_1_OUT_cy<18> (u0/sf0/Madd_i[31]_GND_3_o_add_1_OUT_cy<18>)
     MUXCY:CI->O           1   0.019   0.000  u0/sf0/Madd_i[31]_GND_3_o_add_1_OUT_cy<19> (u0/sf0/Madd_i[31]_GND_3_o_add_1_OUT_cy<19>)
     MUXCY:CI->O           1   0.019   0.000  u0/sf0/Madd_i[31]_GND_3_o_add_1_OUT_cy<20> (u0/sf0/Madd_i[31]_GND_3_o_add_1_OUT_cy<20>)
     MUXCY:CI->O           1   0.019   0.000  u0/sf0/Madd_i[31]_GND_3_o_add_1_OUT_cy<21> (u0/sf0/Madd_i[31]_GND_3_o_add_1_OUT_cy<21>)
     MUXCY:CI->O           1   0.019   0.000  u0/sf0/Madd_i[31]_GND_3_o_add_1_OUT_cy<22> (u0/sf0/Madd_i[31]_GND_3_o_add_1_OUT_cy<22>)
     MUXCY:CI->O           1   0.019   0.000  u0/sf0/Madd_i[31]_GND_3_o_add_1_OUT_cy<23> (u0/sf0/Madd_i[31]_GND_3_o_add_1_OUT_cy<23>)
     MUXCY:CI->O           1   0.019   0.000  u0/sf0/Madd_i[31]_GND_3_o_add_1_OUT_cy<24> (u0/sf0/Madd_i[31]_GND_3_o_add_1_OUT_cy<24>)
     MUXCY:CI->O           1   0.019   0.000  u0/sf0/Madd_i[31]_GND_3_o_add_1_OUT_cy<25> (u0/sf0/Madd_i[31]_GND_3_o_add_1_OUT_cy<25>)
     MUXCY:CI->O           1   0.019   0.000  u0/sf0/Madd_i[31]_GND_3_o_add_1_OUT_cy<26> (u0/sf0/Madd_i[31]_GND_3_o_add_1_OUT_cy<26>)
     MUXCY:CI->O           1   0.019   0.000  u0/sf0/Madd_i[31]_GND_3_o_add_1_OUT_cy<27> (u0/sf0/Madd_i[31]_GND_3_o_add_1_OUT_cy<27>)
     MUXCY:CI->O           1   0.019   0.000  u0/sf0/Madd_i[31]_GND_3_o_add_1_OUT_cy<28> (u0/sf0/Madd_i[31]_GND_3_o_add_1_OUT_cy<28>)
     XORCY:CI->O           3   0.180   0.995  u0/sf0/Madd_i[31]_GND_3_o_add_1_OUT_xor<29> (u0/sf0/i[31]_GND_3_o_add_1_OUT<29>)
     LUT5:I0->O            0   0.203   0.000  u0/sf0/Mcompar_n0002_lutdi4 (u0/sf0/Mcompar_n0002_lutdi4)
     MUXCY:DI->O           1   0.145   0.000  u0/sf0/Mcompar_n0002_cy<4> (u0/sf0/Mcompar_n0002_cy<4>)
     MUXCY:CI->O          33   0.019   1.306  u0/sf0/Mcompar_n0002_cy<5> (u0/sf0/Mcompar_n0002_cy<5>)
     LUT2:I1->O            1   0.205   0.000  u0/sf0/Mmux_i[31]_GND_3_o_mux_3_OUT210 (u0/sf0/i[31]_GND_3_o_mux_3_OUT<10>)
     FDC:D                     0.102          u0/sf0/i_10
    ----------------------------------------
    Total                      5.091ns (2.211ns logic, 2.880ns route)
                                       (43.4% logic, 56.6% route)

=========================================================================
Timing constraint: Default period analysis for Clock 'u0/sf0/clk_out'
  Clock period: 1.165ns (frequency: 858.185MHz)
  Total number of paths / destination ports: 9 / 9
-------------------------------------------------------------------------
Delay:               1.165ns (Levels of Logic = 0)
  Source:            u0/sf1/q_8 (FF)
  Destination:       u0/sf1/q_9 (FF)
  Source Clock:      u0/sf0/clk_out rising
  Destination Clock: u0/sf0/clk_out rising

  Data Path: u0/sf1/q_8 to u0/sf1/q_9
                                Gate     Net
    Cell:in->out      fanout   Delay   Delay  Logical Name (Net Name)
    ----------------------------------------  ------------
     FDC:C->Q              2   0.447   0.616  u0/sf1/q_8 (u0/sf1/q_8)
     FDC:D                     0.102          u0/sf1/q_9
    ----------------------------------------
    Total                      1.165ns (0.549ns logic, 0.616ns route)
                                       (47.1% logic, 52.9% route)

=========================================================================
Timing constraint: Default OFFSET IN BEFORE for Clock 'clk_wire'
  Total number of paths / destination ports: 17 / 8
-------------------------------------------------------------------------
Offset:              3.156ns (Levels of Logic = 1)
  Source:            reset (PAD)
  Destination:       u1/d0/q (FF)
  Destination Clock: clk_wire rising

  Data Path: reset to u1/d0/q
                                Gate     Net
    Cell:in->out      fanout   Delay   Delay  Logical Name (Net Name)
    ----------------------------------------  ------------
     IBUF:I->O            47   1.222   1.504  reset_IBUF (reset_IBUF)
     FDC:CLR                   0.430          u1/d3/q
    ----------------------------------------
    Total                      3.156ns (1.652ns logic, 1.504ns route)
                                       (52.3% logic, 47.7% route)

=========================================================================
Timing constraint: Default OFFSET IN BEFORE for Clock 'clk'
  Total number of paths / destination ports: 33 / 33
-------------------------------------------------------------------------
Offset:              3.156ns (Levels of Logic = 1)
  Source:            reset (PAD)
  Destination:       u0/sf0/i_31 (FF)
  Destination Clock: clk rising

  Data Path: reset to u0/sf0/i_31
                                Gate     Net
    Cell:in->out      fanout   Delay   Delay  Logical Name (Net Name)
    ----------------------------------------  ------------
     IBUF:I->O            47   1.222   1.504  reset_IBUF (reset_IBUF)
     FDC:CLR                   0.430          u0/sf0/i_0
    ----------------------------------------
    Total                      3.156ns (1.652ns logic, 1.504ns route)
                                       (52.3% logic, 47.7% route)

=========================================================================
Timing constraint: Default OFFSET IN BEFORE for Clock 'u0/sf0/clk_out'
  Total number of paths / destination ports: 11 / 11
-------------------------------------------------------------------------
Offset:              3.156ns (Levels of Logic = 1)
  Source:            reset (PAD)
  Destination:       u0/sf1/q_9 (FF)
  Destination Clock: u0/sf0/clk_out rising

  Data Path: reset to u0/sf1/q_9
                                Gate     Net
    Cell:in->out      fanout   Delay   Delay  Logical Name (Net Name)
    ----------------------------------------  ------------
     IBUF:I->O            47   1.222   1.504  reset_IBUF (reset_IBUF)
     FDC:CLR                   0.430          u0/sf1/q_0
    ----------------------------------------
    Total                      3.156ns (1.652ns logic, 1.504ns route)
                                       (52.3% logic, 47.7% route)

=========================================================================
Timing constraint: Default OFFSET OUT AFTER for Clock 'clk_wire'
  Total number of paths / destination ports: 4 / 4
-------------------------------------------------------------------------
Offset:              3.701ns (Levels of Logic = 1)
  Source:            u1/d3/q (FF)
  Destination:       Q<3> (PAD)
  Source Clock:      clk_wire rising

  Data Path: u1/d3/q to Q<3>
                                Gate     Net
    Cell:in->out      fanout   Delay   Delay  Logical Name (Net Name)
    ----------------------------------------  ------------
     FDC:C->Q              4   0.447   0.683  u1/d3/q (u1/d3/q)
     OBUF:I->O                 2.571          Q_3_OBUF (Q<3>)
    ----------------------------------------
    Total                      3.701ns (3.018ns logic, 0.683ns route)
                                       (81.6% logic, 18.4% route)

=========================================================================

Cross Clock Domains Report:
--------------------------

Clock to Setup on destination clock clk
---------------+---------+---------+---------+---------+
               | Src:Rise| Src:Fall| Src:Rise| Src:Fall|
Source Clock   |Dest:Rise|Dest:Rise|Dest:Fall|Dest:Fall|
---------------+---------+---------+---------+---------+
clk            |    5.091|         |         |         |
---------------+---------+---------+---------+---------+

Clock to Setup on destination clock clk_wire
---------------+---------+---------+---------+---------+
               | Src:Rise| Src:Fall| Src:Rise| Src:Fall|
Source Clock   |Dest:Rise|Dest:Rise|Dest:Fall|Dest:Fall|
---------------+---------+---------+---------+---------+
clk_wire       |    1.683|         |         |         |
---------------+---------+---------+---------+---------+

Clock to Setup on destination clock u0/sf0/clk_out
---------------+---------+---------+---------+---------+
               | Src:Rise| Src:Fall| Src:Rise| Src:Fall|
Source Clock   |Dest:Rise|Dest:Rise|Dest:Fall|Dest:Fall|
---------------+---------+---------+---------+---------+
u0/sf0/clk_out |    1.165|         |         |         |
---------------+---------+---------+---------+---------+

=========================================================================


Total REAL time to Xst completion: 4.00 secs
Total CPU time to Xst completion: 4.69 secs
 
--> 

Total memory usage is 282644 kilobytes

Number of errors   :    0 (   0 filtered)
Number of warnings :    0 (   0 filtered)
Number of infos    :    1 (   0 filtered)

